Player 2 missed at (5, 8)
Player 1 missed at (0, 2)
Player 2 hit the enemy (null) at (5, 8)
Player 2 missed at (6, 3)
Player 1 missed at (5, 1)
Player 2 missed at (1, 0)
Player 1 hit the enemy Cruiser at (3, 6)
Player 1 missed at (3, 7)
Player 2 missed at (2, 7)
Player 1 hit the enemy Cruiser at (3, 5)
Player 1 hit the enemy Cruiser at (3, 4)
Player 1 sunk the enemy Cruiser at (3, 4)
Player 1 missed at (3, 3)
Player 2 missed at (1, 8)
Player 1 hit the enemy Carrier at (6, 6)
Player 1 hit the enemy Carrier at (6, 7)
Player 1 missed at (6, 8)
Player 2 missed at (9, 4)
Player 1 hit the enemy Carrier at (6, 5)
Player 1 hit the enemy Carrier at (6, 4)
Player 1 hit the enemy Carrier at (6, 3)
Player 1 sunk the enemy Carrier at (6, 3)
Player 1 missed at (9, 9)
Player 2 missed at (1, 5)
Player 1 missed at (9, 1)
Player 2 missed at (0, 3)
Player 1 hit the enemy Submarine at (9, 3)
Player 1 missed at (9, 2)
Player 2 missed at (5, 3)
Player 1 hit the enemy Submarine at (8, 3)
Player 1 hit the enemy Submarine at (7, 3)
Player 1 sunk the enemy Submarine at (7, 3)
Player 1 missed at (8, 1)
Player 2 missed at (2, 6)
Player 1 missed at (8, 8)
Player 2 missed at (8, 9)
Player 1 hit the enemy (null) at (6, 7)
Player 1 missed at (6, 1)
Player 2 missed at (6, 4)
Player 1 missed at (2, 6)
Player 2 missed at (6, 5)
Player 1 hit the enemy Destroyer at (1, 2)
Player 1 missed at (1, 3)
Player 2 missed at (3, 7)
Player 1 hit the enemy Destroyer at (1, 1)
Player 1 sunk the enemy Destroyer at (1, 1)
Player 1 hit the enemy Battleship at (4, 7)
Player 1 hit the enemy Battleship at (4, 6)
Player 1 missed at (5, 6)
Player 2 missed at (0, 1)
Player 1 missed at (4, 5)
Player 2 missed at (9, 5)
Player 1 hit the enemy Battleship at (4, 8)
Player 1 hit the enemy Battleship at (4, 9)
Player 1 sunk the enemy Battleship at (4, 9)

Player 1 Statistics:

Player 1 Hits: 33
Player 1 Misses: 15
Player 1 Total Shots: 33

Player 2 Statistics:

Player 2 Hits: 17
Player 2 Misses: 16
Player 2 Total Shots: 17

